// Jest Snapshot v1, https://goo.gl/fbAQLP

exports[`<Login/> Component should render properly 1`] = `
<div
  class="overlay"
  data-testid="login-page"
>
  <form
    class="wrapper"
    data-testid="login-form"
  >
    <h1
      class="title"
      data-testid="title"
    >
      Sign In
    </h1>
    <div
      class="input_wrapper"
    >
      <label
        data-testid="user-label"
        for="username"
        id="username"
      >
        Username
      </label>
      <input
        class="input"
        data-testid="text-input"
        placeholder="Username"
        type="text"
        value=""
      />
    </div>
    <div
      class="input_wrapper"
    >
      <label
        data-testid="password-label"
        for="password"
        id="password"
      >
        Password
      </label>
      <input
        class="input"
        data-testid="password-input"
        placeholder="Password"
        type="password"
        value=""
      />
    </div>
    <button
      class="sign-in-btn"
      data-testid="submit-btn"
      type="submit"
    >
      Sign in
    </button>
  </form>
</div>
`;
